// Jest Snapshot v1, https://goo.gl/fbAQLP

exports[`default setup 1`] = `
Object {
  "Parameters": Object {
    "BootstrapVersion": Object {
      "Default": "/cdk-bootstrap/hnb659fds/version",
      "Description": "Version of the CDK Bootstrap resources in this environment, automatically retrieved from SSM Parameter Store. [cdk:skip]",
      "Type": "AWS::SSM::Parameter::Value<String>",
    },
  },
  "Resources": Object {
    "TimeToLive7895C003": Object {
      "Properties": Object {
        "ScheduleExpression": "rate(10 minutes)",
        "State": "ENABLED",
        "Targets": Array [
          Object {
            "Arn": Object {
              "Fn::GetAtt": Array [
                "TimeToLiveDeleteStack08274E9B",
                "Arn",
              ],
            },
            "Id": "Target0",
            "Input": Object {
              "Fn::Join": Array [
                "",
                Array [
                  "{\\"stackId\\":\\"",
                  Object {
                    "Ref": "AWS::StackId",
                  },
                  "\\"}",
                ],
              ],
            },
          },
        ],
      },
      "Type": "AWS::Events::Rule",
    },
    "TimeToLiveAllowEventRuleTimeToLiveDeleteStack377107EF4EAD2805": Object {
      "Properties": Object {
        "Action": "lambda:InvokeFunction",
        "FunctionName": Object {
          "Fn::GetAtt": Array [
            "TimeToLiveDeleteStack08274E9B",
            "Arn",
          ],
        },
        "Principal": "events.amazonaws.com",
        "SourceArn": Object {
          "Fn::GetAtt": Array [
            "TimeToLive7895C003",
            "Arn",
          ],
        },
      },
      "Type": "AWS::Lambda::Permission",
    },
    "TimeToLiveDeleteStack08274E9B": Object {
      "DependsOn": Array [
        "TimeToLiveDeleteStackServiceRoleDefaultPolicy08F3148E",
        "TimeToLiveDeleteStackServiceRole5597A6E0",
      ],
      "Properties": Object {
        "Code": Object {
          "S3Bucket": Object {
            "Fn::Sub": "cdk-hnb659fds-assets-\${AWS::AccountId}-\${AWS::Region}",
          },
          "S3Key": "cecce40e09824e72938e9e845377beb0cec84535601ffd985a78c42195247735.zip",
        },
        "Handler": "index.handler",
        "Role": Object {
          "Fn::GetAtt": Array [
            "TimeToLiveDeleteStackServiceRole5597A6E0",
            "Arn",
          ],
        },
        "Runtime": "nodejs14.x",
      },
      "Type": "AWS::Lambda::Function",
    },
    "TimeToLiveDeleteStackServiceRole5597A6E0": Object {
      "Properties": Object {
        "AssumeRolePolicyDocument": Object {
          "Statement": Array [
            Object {
              "Action": "sts:AssumeRole",
              "Effect": "Allow",
              "Principal": Object {
                "Service": "lambda.amazonaws.com",
              },
            },
          ],
          "Version": "2012-10-17",
        },
        "ManagedPolicyArns": Array [
          Object {
            "Fn::Join": Array [
              "",
              Array [
                "arn:",
                Object {
                  "Ref": "AWS::Partition",
                },
                ":iam::aws:policy/service-role/AWSLambdaBasicExecutionRole",
              ],
            ],
          },
        ],
      },
      "Type": "AWS::IAM::Role",
    },
    "TimeToLiveDeleteStackServiceRoleDefaultPolicy08F3148E": Object {
      "Properties": Object {
        "PolicyDocument": Object {
          "Statement": Array [
            Object {
              "Action": "*",
              "Effect": "Allow",
              "Resource": "*",
            },
          ],
          "Version": "2012-10-17",
        },
        "PolicyName": "TimeToLiveDeleteStackServiceRoleDefaultPolicy08F3148E",
        "Roles": Array [
          Object {
            "Ref": "TimeToLiveDeleteStackServiceRole5597A6E0",
          },
        ],
      },
      "Type": "AWS::IAM::Policy",
    },
  },
  "Rules": Object {
    "CheckBootstrapVersion": Object {
      "Assertions": Array [
        Object {
          "Assert": Object {
            "Fn::Not": Array [
              Object {
                "Fn::Contains": Array [
                  Array [
                    "1",
                    "2",
                    "3",
                    "4",
                    "5",
                  ],
                  Object {
                    "Ref": "BootstrapVersion",
                  },
                ],
              },
            ],
          },
          "AssertDescription": "CDK bootstrap stack version 6 required. Please run 'cdk bootstrap' with a recent version of the CDK CLI.",
        },
      ],
    },
  },
}
`;
