// Jest Snapshot v1, https://goo.gl/fbAQLP

exports[`default setup 1`] = `
Object {
  "Resources": Object {
    "WebsiteBucket3C288C20": Object {
      "DeletionPolicy": "Retain",
      "Properties": Object {
        "BucketName": "testbucket",
        "WebsiteConfiguration": Object {
          "ErrorDocument": "error.html",
          "IndexDocument": "index.html",
        },
      },
      "Type": "AWS::S3::Bucket",
      "UpdateReplacePolicy": "Retain",
    },
    "WebsiteBucketOriginAccessIdentity717BE380": Object {
      "Properties": Object {
        "CloudFrontOriginAccessIdentityConfig": Object {
          "Comment": Object {
            "Fn::Join": Array [
              "",
              Array [
                "CloudFront OriginAccessIdentity for ",
                Object {
                  "Ref": "WebsiteBucket3C288C20",
                },
              ],
            ],
          },
        },
      },
      "Type": "AWS::CloudFront::CloudFrontOriginAccessIdentity",
    },
  },
}
`;

exports[`removalPolicy = DESTROY 1`] = `
Object {
  "Parameters": Any<Object>,
  "Resources": Object {
    "CustomS3AutoDeleteObjectsCustomResourceProviderHandler9D90184F": Object {
      "DependsOn": Array [
        "CustomS3AutoDeleteObjectsCustomResourceProviderRole3B1BD092",
      ],
      "Properties": Object {
        "Code": Any<Object>,
        "Description": Object {
          "Fn::Join": Array [
            "",
            Array [
              "Lambda function for auto-deleting objects in ",
              Object {
                "Ref": "WebsiteBucket3C288C20",
              },
              " S3 bucket.",
            ],
          ],
        },
        "Handler": "__entrypoint__.handler",
        "MemorySize": 128,
        "Role": Object {
          "Fn::GetAtt": Array [
            "CustomS3AutoDeleteObjectsCustomResourceProviderRole3B1BD092",
            "Arn",
          ],
        },
        "Runtime": "nodejs12.x",
        "Timeout": 900,
      },
      "Type": "AWS::Lambda::Function",
    },
    "CustomS3AutoDeleteObjectsCustomResourceProviderRole3B1BD092": Object {
      "Properties": Object {
        "AssumeRolePolicyDocument": Object {
          "Statement": Array [
            Object {
              "Action": "sts:AssumeRole",
              "Effect": "Allow",
              "Principal": Object {
                "Service": "lambda.amazonaws.com",
              },
            },
          ],
          "Version": "2012-10-17",
        },
        "ManagedPolicyArns": Array [
          Object {
            "Fn::Sub": "arn:\${AWS::Partition}:iam::aws:policy/service-role/AWSLambdaBasicExecutionRole",
          },
        ],
      },
      "Type": "AWS::IAM::Role",
    },
    "WebsiteBucket3C288C20": Object {
      "DeletionPolicy": "Delete",
      "Properties": Object {
        "BucketName": "testbucket",
        "WebsiteConfiguration": Object {
          "ErrorDocument": "error.html",
          "IndexDocument": "index.html",
        },
      },
      "Type": "AWS::S3::Bucket",
      "UpdateReplacePolicy": "Delete",
    },
    "WebsiteBucketAutoDeleteObjectsCustomResource615A0937": Object {
      "DeletionPolicy": "Delete",
      "DependsOn": Array [
        "WebsiteBucketPolicy65FBF6CB",
      ],
      "Properties": Object {
        "BucketName": Object {
          "Ref": "WebsiteBucket3C288C20",
        },
        "ServiceToken": Object {
          "Fn::GetAtt": Array [
            "CustomS3AutoDeleteObjectsCustomResourceProviderHandler9D90184F",
            "Arn",
          ],
        },
      },
      "Type": "Custom::S3AutoDeleteObjects",
      "UpdateReplacePolicy": "Delete",
    },
    "WebsiteBucketOriginAccessIdentity717BE380": Object {
      "Properties": Object {
        "CloudFrontOriginAccessIdentityConfig": Object {
          "Comment": Object {
            "Fn::Join": Array [
              "",
              Array [
                "CloudFront OriginAccessIdentity for ",
                Object {
                  "Ref": "WebsiteBucket3C288C20",
                },
              ],
            ],
          },
        },
      },
      "Type": "AWS::CloudFront::CloudFrontOriginAccessIdentity",
    },
    "WebsiteBucketPolicy65FBF6CB": Object {
      "Properties": Object {
        "Bucket": Object {
          "Ref": "WebsiteBucket3C288C20",
        },
        "PolicyDocument": Object {
          "Statement": Array [
            Object {
              "Action": Array [
                "s3:GetObject*",
                "s3:GetBucket*",
                "s3:List*",
                "s3:DeleteObject*",
              ],
              "Effect": "Allow",
              "Principal": Object {
                "AWS": Object {
                  "Fn::GetAtt": Array [
                    "CustomS3AutoDeleteObjectsCustomResourceProviderRole3B1BD092",
                    "Arn",
                  ],
                },
              },
              "Resource": Array [
                Object {
                  "Fn::GetAtt": Array [
                    "WebsiteBucket3C288C20",
                    "Arn",
                  ],
                },
                Object {
                  "Fn::Join": Array [
                    "",
                    Array [
                      Object {
                        "Fn::GetAtt": Array [
                          "WebsiteBucket3C288C20",
                          "Arn",
                        ],
                      },
                      "/*",
                    ],
                  ],
                },
              ],
            },
          ],
          "Version": "2012-10-17",
        },
      },
      "Type": "AWS::S3::BucketPolicy",
    },
  },
}
`;
